src/engine/ai-highway-filter.ts(54,27): error TS2802: Type 'Set<string>' can only be iterated through when using the '--downlevelIteration' flag or with a '--target' of 'es2015' or higher.
src/engine/decision-funnel.ts(16,23): error TS2802: Type 'ReadonlyMap<string, Readonly<{ decision: Readonly<{ signal_state: string; regime_state: string; edge_state: string; risk_state: string; execution_state: string; final_decision: PaperFinalDecision; reject_reason: PaperDecisionRejectReason; }>; aiGatePassed: boolean; }>>' can only be iterated through when using the '--downlevelIteration' flag or with a '--target' of 'es2015' or higher.
src/engine/decision-funnel.ts(71,23): error TS2802: Type 'ReadonlyMap<string, Readonly<{ decision: Readonly<{ signal_state: string; regime_state: string; edge_state: string; risk_state: string; execution_state: string; final_decision: PaperFinalDecision; reject_reason: PaperDecisionRejectReason; }>; aiGatePassed: boolean; }>>' can only be iterated through when using the '--downlevelIteration' flag or with a '--target' of 'es2015' or higher.
src/engine/paper-engine.ts(763,56): error TS2339: Property 'error' does not exist on type 'TryResult<Readonly<{ ts: number; open: number; high: number; low: number; close: number; volume: number; }>[]>'.
  Property 'error' does not exist on type 'Readonly<{ ok: true; value: Readonly<{ ts: number; open: number; high: number; low: number; close: number; volume: number; }>[]; diagnostics: Readonly<{ httpStatus: number; requestUrl: string; retCode?: number; retMsg?: string; }>; }>'.
src/engine/paper-engine.ts(821,45): error TS2339: Property 'error' does not exist on type 'Readonly<{ ok: true; snapshot: Readonly<{ symbol: MarketSymbol; lastPrice: number; recentCandlesCount: number; latestCandleClose: number; fundingRate: number; fetchedAt: number; ema20: number; ... 35 more ...; highwayEntryTf?: string; }>; symbolDiagnostics: Readonly<...>[]; }> | Readonly<...>'.
  Property 'error' does not exist on type 'Readonly<{ ok: true; snapshot: Readonly<{ symbol: MarketSymbol; lastPrice: number; recentCandlesCount: number; latestCandleClose: number; fundingRate: number; fetchedAt: number; ema20: number; ... 35 more ...; highwayEntryTf?: string; }>; symbolDiagnostics: Readonly<...>[]; }>'.
src/engine/paper-engine.ts(821,75): error TS2339: Property 'failedEndpoint' does not exist on type 'Readonly<{ ok: true; snapshot: Readonly<{ symbol: MarketSymbol; lastPrice: number; recentCandlesCount: number; latestCandleClose: number; fundingRate: number; fetchedAt: number; ema20: number; ... 35 more ...; highwayEntryTf?: string; }>; symbolDiagnostics: Readonly<...>[]; }> | Readonly<...>'.
  Property 'failedEndpoint' does not exist on type 'Readonly<{ ok: true; snapshot: Readonly<{ symbol: MarketSymbol; lastPrice: number; recentCandlesCount: number; latestCandleClose: number; fundingRate: number; fetchedAt: number; ema20: number; ... 35 more ...; highwayEntryTf?: string; }>; symbolDiagnostics: Readonly<...>[]; }>'.
src/engine/paper-engine.ts(822,72): error TS2339: Property 'error' does not exist on type 'Readonly<{ ok: true; snapshot: Readonly<{ symbol: MarketSymbol; lastPrice: number; recentCandlesCount: number; latestCandleClose: number; fundingRate: number; fetchedAt: number; ema20: number; ... 35 more ...; highwayEntryTf?: string; }>; symbolDiagnostics: Readonly<...>[]; }> | Readonly<...>'.
  Property 'error' does not exist on type 'Readonly<{ ok: true; snapshot: Readonly<{ symbol: MarketSymbol; lastPrice: number; recentCandlesCount: number; latestCandleClose: number; fundingRate: number; fetchedAt: number; ema20: number; ... 35 more ...; highwayEntryTf?: string; }>; symbolDiagnostics: Readonly<...>[]; }>'.
src/engine/paper-engine.ts(1262,17): error TS2802: Type 'MapIterator<[string, Readonly<{ decision: Readonly<{ ts: number; timestamp: string; symbol: string; engine_mode: string; signal_state: PaperSignalState; regime_state: PaperRegimeState; ... 190 more ...; final_reject_after_priority?: string; }>; ... 6 more ...; aiGatePassed: boolean; }>]>' can only be iterated through when using the '--downlevelIteration' flag or with a '--target' of 'es2015' or higher.
src/engine/paper-engine.ts(1273,26): error TS2802: Type 'MapIterator<string>' can only be iterated through when using the '--downlevelIteration' flag or with a '--target' of 'es2015' or higher.
src/engine/paper-engine.ts(3067,33): error TS2802: Type 'MapIterator<[string, Readonly<{ decision: Readonly<{ ts: number; timestamp: string; symbol: string; engine_mode: string; signal_state: PaperSignalState; regime_state: PaperRegimeState; ... 190 more ...; final_reject_after_priority?: string; }>; ... 6 more ...; aiGatePassed: boolean; }>]>' can only be iterated through when using the '--downlevelIteration' flag or with a '--target' of 'es2015' or higher.
src/engine/paper-engine.ts(4092,33): error TS2339: Property 'error' does not exist on type 'TryResult<Readonly<{ symbol: MarketSymbol; ts: number; last: number; bid?: number; ask?: number; }>>'.
  Property 'error' does not exist on type 'Readonly<{ ok: true; value: Readonly<{ symbol: MarketSymbol; ts: number; last: number; bid?: number; ask?: number; }>; diagnostics: Readonly<{ httpStatus: number; requestUrl: string; retCode?: number; retMsg?: string; }>; }>'.
src/engine/paper-engine.ts(4093,33): error TS2339: Property 'error' does not exist on type 'TryResult<Readonly<{ ts: number; open: number; high: number; low: number; close: number; volume: number; }>[]>'.
  Property 'error' does not exist on type 'Readonly<{ ok: true; value: Readonly<{ ts: number; open: number; high: number; low: number; close: number; volume: number; }>[]; diagnostics: Readonly<{ httpStatus: number; requestUrl: string; retCode?: number; retMsg?: string; }>; }>'.
src/engine/paper-engine.ts(4094,33): error TS2339: Property 'error' does not exist on type 'TryResult<Readonly<{ symbol: MarketSymbol; ts: number; rate: number; }>>'.
  Property 'error' does not exist on type 'Readonly<{ ok: true; value: Readonly<{ symbol: MarketSymbol; ts: number; rate: number; }>; diagnostics: Readonly<{ httpStatus: number; requestUrl: string; retCode?: number; retMsg?: string; }>; }>'.
src/engine/paper-engine.ts(4101,40): error TS2550: Property 'at' does not exist on type 'Readonly<{ ts: number; open: number; high: number; low: number; close: number; volume: number; }>[]'. Do you need to change your target library? Try changing the 'lib' compiler option to 'es2022' or later.
src/engine/paper-symbol-decision.ts(745,58): error TS2802: Type 'Set<string>' can only be iterated through when using the '--downlevelIteration' flag or with a '--target' of 'es2015' or higher.
src/engine/paper-symbol-decision.ts(3454,34): error TS2339: Property 'orderBuildFailReason' does not exist on type 'FuturesAdaptiveEntryResult'.
  Property 'orderBuildFailReason' does not exist on type 'Readonly<{ ok: true; direction: "long" | "short"; sizeUsd: number; leverageMultiplier: number; detail: Record<string, unknown>; }>'.
src/engine/paper-symbol-decision.ts(3454,67): error TS2339: Property 'failStage' does not exist on type 'FuturesAdaptiveEntryResult'.
  Property 'failStage' does not exist on type 'Readonly<{ ok: true; direction: "long" | "short"; sizeUsd: number; leverageMultiplier: number; detail: Record<string, unknown>; }>'.
src/engine/paper-symbol-decision.ts(3455,46): error TS2339: Property 'orderBuildFailReason' does not exist on type 'FuturesAdaptiveEntryResult'.
  Property 'orderBuildFailReason' does not exist on type 'Readonly<{ ok: true; direction: "long" | "short"; sizeUsd: number; leverageMultiplier: number; detail: Record<string, unknown>; }>'.
src/engine/risk-control-layer.ts(110,14): error TS1252: Function declarations are not allowed inside blocks in strict mode when targeting 'ES5'. Modules are automatically in strict mode.
src/exchange/bybit-public.ts(74,34): error TS2339: Property 'error' does not exist on type 'TryResult<Readonly<{ symbol: MarketSymbol; ts: number; last: number; bid?: number; ask?: number; }>>'.
  Property 'error' does not exist on type 'Readonly<{ ok: true; value: Readonly<{ symbol: MarketSymbol; ts: number; last: number; bid?: number; ask?: number; }>; diagnostics: Readonly<{ httpStatus: number; requestUrl: string; retCode?: number; retMsg?: string; }>; }>'.
src/exchange/bybit-public.ts(80,34): error TS2339: Property 'error' does not exist on type 'TryResult<Readonly<{ ts: number; open: number; high: number; low: number; close: number; volume: number; }>[]>'.
  Property 'error' does not exist on type 'Readonly<{ ok: true; value: Readonly<{ ts: number; open: number; high: number; low: number; close: number; volume: number; }>[]; diagnostics: Readonly<{ httpStatus: number; requestUrl: string; retCode?: number; retMsg?: string; }>; }>'.
src/exchange/bybit-public.ts(86,34): error TS2339: Property 'error' does not exist on type 'TryResult<Readonly<{ symbol: MarketSymbol; ts: number; rate: number; }>>'.
  Property 'error' does not exist on type 'Readonly<{ ok: true; value: Readonly<{ symbol: MarketSymbol; ts: number; rate: number; }>; diagnostics: Readonly<{ httpStatus: number; requestUrl: string; retCode?: number; retMsg?: string; }>; }>'.
src/exchange/bybit-public.ts(98,52): error TS2339: Property 'error' does not exist on type 'Readonly<{ success: false; error: string; diagnostics: Readonly<{ httpStatus: number; requestUrl: string; retCode?: number; retMsg?: string; }>; json?: unknown; }> | Readonly<{ success: true; json: Readonly<...>; diagnostics: Readonly<...>; }>'.
  Property 'error' does not exist on type 'Readonly<{ success: true; json: Readonly<{ retCode: number; retMsg: string; time?: number; result?: { list: unknown[]; }; }>; diagnostics: Readonly<{ httpStatus: number; requestUrl: string; retCode?: number; retMsg?: string; }>; }>'.
src/exchange/bybit-public.ts(137,52): error TS2339: Property 'error' does not exist on type 'Readonly<{ success: false; error: string; diagnostics: Readonly<{ httpStatus: number; requestUrl: string; retCode?: number; retMsg?: string; }>; json?: unknown; }> | Readonly<{ success: true; json: Readonly<...>; diagnostics: Readonly<...>; }>'.
  Property 'error' does not exist on type 'Readonly<{ success: true; json: Readonly<{ retCode: number; retMsg: string; time?: number; result?: { list: unknown[]; }; }>; diagnostics: Readonly<{ httpStatus: number; requestUrl: string; retCode?: number; retMsg?: string; }>; }>'.
src/exchange/bybit-public.ts(178,52): error TS2339: Property 'error' does not exist on type 'Readonly<{ success: false; error: string; diagnostics: Readonly<{ httpStatus: number; requestUrl: string; retCode?: number; retMsg?: string; }>; json?: unknown; }> | Readonly<{ success: true; json: Readonly<...>; diagnostics: Readonly<...>; }>'.
  Property 'error' does not exist on type 'Readonly<{ success: true; json: Readonly<{ retCode: number; retMsg: string; time?: number; result?: { list: unknown[]; }; }>; diagnostics: Readonly<{ httpStatus: number; requestUrl: string; retCode?: number; retMsg?: string; }>; }>'.
src/lib/futuresPaperBundleCore.ts(1,8): error TS1192: Module '"node:fs/promises"' has no default export.
src/lib/futuresPaperBundleCore.ts(2,8): error TS1259: Module '"node:path"' can only be default-imported using the 'esModuleInterop' flag
src/storage/paper-summary.ts(355,32): error TS2802: Type 'Set<string>' can only be iterated through when using the '--downlevelIteration' flag or with a '--target' of 'es2015' or higher.
src/storage/paper-summary.ts(482,26): error TS2802: Type 'MapIterator<string>' can only be iterated through when using the '--downlevelIteration' flag or with a '--target' of 'es2015' or higher.
src/strategy/live-entry-pipeline.ts(142,26): error TS2339: Property 'blockMessage' does not exist on type 'EntryPolicyResult'.
  Property 'blockMessage' does not exist on type '{ ok: true; detail: Record<string, unknown>; }'.
src/strategy/live-entry-pipeline.ts(150,31): error TS2339: Property 'blockMessage' does not exist on type 'EntryPolicyResult'.
  Property 'blockMessage' does not exist on type '{ ok: true; detail: Record<string, unknown>; }'.
